
> wastewise@0.0.1 build
> astro build

[2m18:42:26[22m [34m[types][39m Generated [2m99ms[22m
[2m18:42:26[22m [34m[build][39m output: [34m"server"[39m
[2m18:42:26[22m [34m[build][39m mode: [34m"server"[39m
[2m18:42:26[22m [34m[build][39m directory: [34mC:\Users\sahas\Downloads\WasteWise\dist\[39m
[2m18:42:26[22m [34m[build][39m adapter: [32m@astrojs/vercel[39m
[2m18:42:26[22m [34m[build][39m Collecting build info...
[2m18:42:26[22m [34m[build][39m [32mΓ£ô Completed in 167ms.[39m
[2m18:42:26[22m [34m[build][39m Building server entrypoints...
[2m18:42:33[22m [34m[vite][39m [32mΓ£ô built in 6.88s[39m
[2m18:42:39[22m [34m[vite][39m [32mΓ£ô built in 6.20s[39m
node.exe : 
[31m[1m18:42:39[22m 
[ERROR] [vite][39m 
[31mΓ£ù[39m Build 
failed in 37ms
At C:\Users\sahas\node-v2
2.17.1-win-x64\node-v22.1
7.1-win-x64\npm.ps1:16 
char:5
+     & 
"$basedir/node$exe"  "$ba
sedir/node_modules/npm/bi
n/npm-cli.js" ...
+     ~~~~~~~~~~~~~~~~~~~
~~~~~~~~~~~~~~~~~~~~~~~~~
~~~~~~~~~~~~~~~~~~~~~
    + CategoryInfo       
       : NotSpecified:   
  ([31m[1m18:42:...    
 failed in 37ms:Strin    
g) [], RemoteExcepti    
on
    + FullyQualifiedErro 
   rId : NativeCommandE  
  rror
 
Invalid assignment target
  [1mHint:[22m
[33m    Browser APIs 
are not available on the 
server.
    
    If the code is in a 
framework component, try 
to access these objects 
after rendering using 
lifecycle methods or use 
a `client:only` 
directive to make the 
component exclusively 
run on the client.
    
    See [4mhttps://docs.
astro.build/en/guides/tro
ubleshooting/#document-or
-window-is-not-defined[2
4m for more information.
    		[39m
  [1mLocation:[22m
    [4mC:/Users/sahas/Do
wnloads/WasteWise/src/com
ponents/ShareCard.astro?a
stro&type=script&index=0&
lang.ts:27:8[24m
  [1mStack trace:[22m
[2m    at 
failureErrorWithLog (C:\U
sers\sahas\Downloads\Wast
eWise\node_modules\esbuil
d\lib\main.js:1748:15)
    at responseCallbacks.
<computed> (C:\Users\saha
s\Downloads\WasteWise\nod
e_modules\esbuild\lib\mai
n.js:884:9)
    at 
Socket.readFromStdout (C:
\Users\sahas\Downloads\Wa
steWise\node_modules\esbu
ild\lib\main.js:862:7)
    at addChunk (node:int
ernal/streams/readable:56
1:12)
    at Readable.push (nod
e:internal/streams/readab
le:392:5)[22m
